// Jest Snapshot v1, https://jestjs.io/docs/snapshot-testing

exports[`apply 1`] = `## Tofu Summary ✅

**Resources:** 2 added, 0 changed, 0 destroyed.

| resource | action | state | time |
| --- | --- | --- | --- |
| \`dummy_thing.first\` (id=first-thing) | ✍️ | ✔ | 0s |
| \`dummy_thing.second\` (id=second-thing) | ✍️ | ✔ | 0s |
`;

exports[`plan 1`] = `## Tofu Summary ✅

**No changes.**
`;
