// Jest Snapshot v1, https://jestjs.io/docs/snapshot-testing

exports[`apply 1`] = `## Tofu Summary ✅

**Resources:** 1 added, 1 changed, 1 destroyed.

| resource | action | state | time |
| --- | --- | --- | --- |
| \`github_team.dev\` (id=12345) | ✍️ | ✔ | 0s |
| \`github_repository.repo\` (id=repo-1) | 👷 | ✔ | 1s |
| \`github_team.legacy\` (id=999) | 🔥 | ✔ | 0s |
`;
